
### Iris  n=150 p=4 K=3
  random         0.942 ± 0.044
  residual       0.927 ± 0.048
  residual_gate  0.940 ± 0.044
  sıfırdan       0.958 ± 0.032
  F test          F=3.0  p=0.118484

### Wine  n=178 p=13 K=3
  random         0.979 ± 0.020
  residual       0.981 ± 0.018
  residual_gate  0.981 ± 0.018
  sıfırdan       0.978 ± 0.016
  F test          F=1.333  p=0.395471

### Cancer  n=569 p=30 K=2
  random         0.971 ± 0.013
  residual       0.971 ± 0.013
  residual_gate  0.971 ± 0.013
  sıfırdan       0.970 ± 0.012
  F test          F=4.986  p=0.045066

### Digits  n=1797 p=64 K=10
  random         0.921 ± 0.027
  residual       0.929 ± 0.014
  residual_gate  0.930 ± 0.015
  sıfırdan       0.925 ± 0.029
  F test          F=0.706  p=0.701873

### banknote-authentication  n=1372 p=4 K=2
  random         0.985 ± 0.007
  residual       0.985 ± 0.007
  residual_gate  0.985 ± 0.007
  sıfırdan       1.000 ± 0.000
  F test          F=0.0  p=1.0

### blood-transfusion-service-center  n=748 p=4 K=2
  random         0.788 ± 0.025
  residual       0.786 ± 0.025
  residual_gate  0.790 ± 0.023
  sıfırdan       0.799 ± 0.025
  F test          F=0.886  p=0.594765

### phoneme  n=5000 p=5 K=2
  random         0.828 ± 0.017
  residual       0.828 ± 0.016
  residual_gate  0.828 ± 0.015
  sıfırdan       0.849 ± 0.012
  F test          F=0.545  p=0.806444

### diabetes  n=768 p=8 K=2
  random         0.770 ± 0.029
  residual       0.769 ± 0.030
  residual_gate  0.769 ± 0.030
  sıfırdan       0.731 ± 0.033
  F test          F=1.556  p=0.326851

### vehicle  n=846 p=18 K=4
  random         0.777 ± 0.030
  residual       0.782 ± 0.033
  residual_gate  0.781 ± 0.036
  sıfırdan       0.798 ± 0.031
  F test          F=1.141  p=0.469802

### segment  n=2310 p=18 K=7
  random         0.931 ± 0.013
  residual       0.931 ± 0.011
  residual_gate  0.931 ± 0.010
  sıfırdan       0.948 ± 0.014
  F test          F=0.874  p=0.601082

### satimage  n=5000 p=36 K=6
  random         0.883 ± 0.010
  residual       0.881 ± 0.010
  residual_gate  0.881 ± 0.010
  sıfırdan       0.880 ± 0.011
  F test          F=0.842  p=0.619614

### optdigits  n=5000 p=64 K=10
  random         0.941 ± 0.011
  residual       0.939 ± 0.020
  residual_gate  0.941 ± 0.013
  sıfırdan       0.937 ± 0.024
  F test          F=3.363  p=0.096445

### pendigits  n=5000 p=16 K=10
  random         0.909 ± 0.036
  residual       0.901 ± 0.031
  residual_gate  0.904 ± 0.030
  sıfırdan       0.930 ± 0.029
  F test          F=2.528  p=0.158893

### spambase  n=4601 p=57 K=2
  random         0.931 ± 0.006
  residual       0.932 ± 0.007
  residual_gate  0.932 ± 0.007
  sıfırdan       0.929 ± 0.008
  F test          F=0.643  p=0.74218

### steel-plates-fault  n=1941 p=33 K=2
  random         1.000 ± 0.001
  residual       1.000 ± 0.001
  residual_gate  1.000 ± 0.001
  sıfırdan       1.000 ± 0.001
  F test          F=0.0  p=1.0

### ilpd  n=583 p=10 K=2
  random         0.704 ± 0.030
  residual       0.711 ± 0.025
  residual_gate  0.711 ± 0.023
  sıfırdan       0.699 ± 0.042
  F test          F=5.024  p=0.044382

### climate-model-simulation-crashes  n=540 p=18 K=2
  random         0.952 ± 0.018
  residual       0.954 ± 0.015
  residual_gate  0.953 ± 0.016
  sıfırdan       0.932 ± 0.018
  F test          F=1.667  p=0.298248

### texture  n=5000 p=40 K=11
  random         0.952 ± 0.045
  residual       0.978 ± 0.030
  residual_gate  0.984 ± 0.023
  sıfırdan       0.938 ± 0.057
  F test          F=1.558  p=0.326121

### wall-robot-navigation  n=5000 p=24 K=4
  random         0.867 ± 0.011
  residual       0.870 ± 0.008
  residual_gate  0.870 ± 0.010
  sıfırdan       0.875 ± 0.015
  F test          F=0.596  p=0.773064

### qsar-biodeg  n=1055 p=41 K=2
  random         0.870 ± 0.018
  residual       0.867 ± 0.020
  residual_gate  0.867 ± 0.019
  sıfırdan       0.855 ± 0.024
  F test          F=0.839  p=0.621062

### ozone-level-8hr  n=2534 p=72 K=2
  random         0.936 ± 0.006
  residual       0.935 ± 0.006
  residual_gate  0.936 ± 0.005
  sıfırdan       0.929 ± 0.009
  F test          F=1.0  p=0.534881

### kc1  n=2109 p=21 K=2
  random         0.857 ± 0.011
  residual       0.856 ± 0.011
  residual_gate  0.857 ± 0.011
  sıfırdan       0.854 ± 0.012
  F test          F=1.309  p=0.403989

### pc1  n=1109 p=21 K=2
  random         0.933 ± 0.008
  residual       0.932 ± 0.008
  residual_gate  0.933 ± 0.009
  sıfırdan       0.922 ± 0.011
  F test          F=1.0  p=0.534881

### pc3  n=1563 p=37 K=2
  random         0.893 ± 0.010
  residual       0.894 ± 0.011
  residual_gate  0.896 ± 0.010
  sıfırdan       0.874 ± 0.013
  F test          F=1.08  p=0.496767

BİTTİ: 24 veri kümesi
