Iris           error_threshold  random    acc 0.936 ± 0.046  birim  17.2 ± 2.4
Iris           error_threshold  residual  acc 0.956 ± 0.037  birim   6.9 ± 1.5
Iris           validation       random    acc 0.898 ± 0.044  birim   9.1 ± 2.7
Iris           validation       residual  acc 0.947 ± 0.033  birim  11.5 ± 1.7
Wine           error_threshold  random    acc 0.985 ± 0.015  birim   6.3 ± 2.2
Wine           error_threshold  residual  acc 0.985 ± 0.015  birim   4.3 ± 0.5
Wine           validation       random    acc 0.981 ± 0.017  birim   8.8 ± 2.4
Wine           validation       residual  acc 0.978 ± 0.016  birim  12.2 ± 2.4
Digits         error_threshold  random    acc 0.949 ± 0.013  birim   7.5 ± 0.6
Digits         error_threshold  residual  acc 0.928 ± 0.015  birim   5.7 ± 0.5
Digits         validation       random    acc 0.878 ± 0.035  birim   5.3 ± 1.4
Digits         validation       residual  acc 0.894 ± 0.046  birim   6.3 ± 2.0
vehicle        error_threshold  random    acc 0.786 ± 0.027  birim  31.9 ± 0.3
vehicle        error_threshold  residual  acc 0.803 ± 0.026  birim  32.0 ± 0.0
vehicle        validation       random    acc 0.714 ± 0.035  birim   6.0 ± 1.3
vehicle        validation       residual  acc 0.775 ± 0.031  birim   7.9 ± 1.8
segment        error_threshold  random    acc 0.940 ± 0.012  birim   8.9 ± 0.8
segment        error_threshold  residual  acc 0.942 ± 0.012  birim   6.7 ± 0.5
segment        validation       random    acc 0.900 ± 0.023  birim   5.2 ± 1.2
segment        validation       residual  acc 0.909 ± 0.025  birim   5.1 ± 1.0
satimage       error_threshold  random    acc 0.883 ± 0.009  birim  30.0 ± 2.1
satimage       error_threshold  residual  acc 0.892 ± 0.010  birim  17.5 ± 1.5
satimage       validation       random    acc 0.857 ± 0.008  birim   7.1 ± 1.6
satimage       validation       residual  acc 0.872 ± 0.010  birim   9.2 ± 2.1
BİTTİ
