
### 1462 banknote-authentication  n=1372 p=4 K=2
  jitter : {'jitter=0.0': [0.9854, 0.0074], 'jitter=0.2': [0.9854, 0.0074], 'sıfırdan': [1.0, 0.0]}
  F test : [0.0, 1.0]
  gal    : {'random': [0.9888, 0.0054, 3.33, 0.49], 'residual': [0.9888, 0.0054, 3.07, 0.26]}
  perleaf: {'none': [1.0, 0.0, 63.0, 0.0], 'per_leaf': [0.981, 0.0086, 3.6, 0.51]}
  (462s) kaydedildi

### 1464 blood-transfusion-service-center  n=748 p=4 K=2
  jitter : {'jitter=0.0': [0.7847, 0.0192], 'jitter=0.2': [0.7878, 0.0249], 'sıfırdan': [0.7986, 0.025]}
  F test : [1.061, 0.505754]
  gal    : {'random': [0.7816, 0.0148, 30.07, 0.7], 'residual': [0.7986, 0.0223, 31.33, 0.49]}
  perleaf: {'none': [0.7896, 0.0204, 63.0, 0.0], 'per_leaf': [0.7812, 0.0138, 3.27, 1.67]}
  (263s) kaydedildi

### 1489 phoneme  n=5000 p=5 K=2
  jitter : {'jitter=0.0': [0.778, 0.0113], 'jitter=0.2': [0.8282, 0.0167], 'sıfırdan': [0.8486, 0.0116]}
  F test : [13.168, 0.005404]
  gal    : {'random': [0.8171, 0.0128, 30.8, 0.86], 'residual': [0.8473, 0.01, 31.33, 0.49]}
  perleaf: {'none': [0.8712, 0.0058, 63.0, 0.0], 'per_leaf': [0.8409, 0.0195, 13.27, 5.68]}
  (37014s) kaydedildi

### 37 diabetes  n=768 p=8 K=2
  jitter : {'jitter=0.0': [0.7691, 0.0279], 'jitter=0.2': [0.7704, 0.0295], 'sıfırdan': [0.7313, 0.033]}
  F test : [1.0, 0.534881]
  gal    : {'random': [0.7722, 0.0323, 31.33, 0.49], 'residual': [0.7617, 0.0292, 31.8, 0.41]}
  perleaf: {'none': [0.7175, 0.034, 63.0, 0.0], 'per_leaf': [0.7726, 0.0253, 2.47, 1.73]}
  (242s) kaydedildi

### 54 vehicle  n=846 p=18 K=4
  jitter : {'jitter=0.0': [0.4705, 0.0136], 'jitter=0.2': [0.7774, 0.0305], 'sıfırdan': [0.7979, 0.0312]}
  F test : [551.38, 1e-06]
  gal    : {'random': [0.7864, 0.0271, 31.93, 0.26], 'residual': [0.8034, 0.0256, 32.0, 0.0]}
  perleaf: {'none': [0.8002, 0.0218, 63.0, 0.0], 'per_leaf': [0.71, 0.0436, 7.73, 3.06]}
  (348s) kaydedildi

### 40984 segment  n=2310 p=18 K=7
  jitter : {'jitter=0.0': [0.5688, 0.0409], 'jitter=0.2': [0.9315, 0.0134], 'sıfırdan': [0.9481, 0.0136]}
  F test : [115.157, 2.8e-05]
  gal    : {'random': [0.9397, 0.0116, 8.93, 0.8], 'residual': [0.9418, 0.0117, 6.73, 0.46]}
  perleaf: {'none': [0.9606, 0.0064, 63.0, 0.0], 'per_leaf': [0.9476, 0.0144, 12.4, 3.58]}
  (1017s) kaydedildi

### 182 satimage  n=5000 p=36 K=6
  jitter : {'jitter=0.0': [0.6632, 0.0929], 'jitter=0.2': [0.8827, 0.0103], 'sıfırdan': [0.8805, 0.0108]}
  F test : [257.928, 4e-06]
  gal    : {'random': [0.8829, 0.009, 30.0, 2.07], 'residual': [0.8917, 0.0098, 17.53, 1.46]}
  perleaf: {'none': [0.8959, 0.0112, 63.0, 0.0], 'per_leaf': [0.87, 0.0127, 7.07, 1.22]}
  (3570s) kaydedildi

### 28 optdigits  n=5000 p=64 K=10
  jitter : {'jitter=0.0': [0.3671, 0.0382], 'jitter=0.2': [0.9413, 0.0109], 'sıfırdan': [0.937, 0.0242]}
  F test : [397.172, 1e-06]
  gal    : {'random': [0.9439, 0.0106, 5.67, 0.49], 'residual': [0.9324, 0.0127, 5.0, 0.0]}
  perleaf: {'none': [0.9703, 0.0045, 63.0, 0.0], 'per_leaf': [0.8387, 0.0901, 11.13, 3.2]}
  (116211s) kaydedildi

### 32 pendigits  n=5000 p=16 K=10
  jitter : {'jitter=0.0': [0.3903, 0.0109], 'jitter=0.2': [0.9091, 0.0358], 'sıfırdan': [0.9303, 0.0292]}
  F test : [1573.435, 0.0]
  gal    : {'random': [0.9659, 0.0075, 9.13, 0.35], 'residual': [0.9603, 0.0096, 7.6, 0.51]}
  perleaf: {'none': [0.9887, 0.0035, 63.0, 0.0], 'per_leaf': [0.9099, 0.1008, 17.6, 6.3]}
  (2669s) kaydedildi

### 44 spambase  n=4601 p=57 K=2
  jitter : {'jitter=0.0': [0.9277, 0.0057], 'jitter=0.2': [0.931, 0.006], 'sıfırdan': [0.9291, 0.0076]}
  F test : [0.849, 0.615611]
  gal    : {'random': [0.9295, 0.007, 2.0, 0.0], 'residual': [0.9295, 0.007, 2.0, 0.0]}
  perleaf: {'none': [0.9311, 0.0072, 63.0, 0.0], 'per_leaf': [0.933, 0.008, 4.13, 2.1]}
  (1478s) kaydedildi

### 1504 steel-plates-fault  n=1941 p=33 K=2
  jitter : {'jitter=0.0': [0.9995, 0.0011], 'jitter=0.2': [0.9995, 0.0011], 'sıfırdan': [0.9995, 0.0011]}
  F test : [0.0, 1.0]
  gal    : {'random': [0.999, 0.0013, 2.33, 0.49], 'residual': [0.999, 0.0013, 2.33, 0.49]}
  perleaf: {'none': [1.0, 0.0, 63.0, 0.0], 'per_leaf': [0.9995, 0.0011, 7.33, 1.4]}
  (727s) kaydedildi

### 1480 ilpd  n=583 p=10 K=2
  jitter : {'jitter=0.0': [0.7113, 0.0192], 'jitter=0.2': [0.7044, 0.0303], 'sıfırdan': [0.6993, 0.0416]}
  F test : [0.899, 0.587683]
  gal    : {'random': [0.7136, 0.0251, 31.33, 0.62], 'residual': [0.7204, 0.0236, 31.73, 0.46]}
  perleaf: {'none': [0.7038, 0.0282, 63.0, 0.0], 'per_leaf': [0.7102, 0.0213, 3.87, 0.99]}
  (220s) kaydedildi

### 40994 climate-model-simulation-crashes  n=540 p=18 K=2
  jitter : {'jitter=0.0': [0.9549, 0.0139], 'jitter=0.2': [0.9519, 0.0183], 'sıfırdan': [0.9321, 0.0181]}
  F test : [1.567, 0.323764]
  gal    : {'random': [0.9593, 0.0115, 2.0, 0.0], 'residual': [0.9593, 0.0115, 2.0, 0.0]}
  perleaf: {'none': [0.9296, 0.02, 63.0, 0.0], 'per_leaf': [0.9173, 0.0108, 1.2, 0.77]}
  (175s) kaydedildi

### 40499 texture  n=5000 p=40 K=11
  jitter : {'jitter=0.0': [0.3593, 0.0818], 'jitter=0.2': [0.9518, 0.0455], 'sıfırdan': [0.9376, 0.0566]}
  F test : [41.114, 0.000359]
  gal    : {'random': [0.9883, 0.0043, 6.87, 0.74], 'residual': [0.9843, 0.0046, 5.0, 0.0]}
  perleaf: {'none': [0.9972, 0.0014, 63.0, 0.0], 'per_leaf': [0.9677, 0.0406, 15.13, 2.23]}
  (70523s) kaydedildi

### 1497 wall-robot-navigation  n=5000 p=24 K=4
  jitter : {'jitter=0.0': [0.6724, 0.0072], 'jitter=0.2': [0.8672, 0.0109], 'sıfırdan': [0.8752, 0.0153]}
  F test : [184.427, 9e-06]
  gal    : {'random': [0.8829, 0.0181, 26.07, 5.32], 'residual': [0.9035, 0.0107, 15.47, 1.88]}
  perleaf: {'none': [0.9017, 0.0099, 63.0, 0.0], 'per_leaf': [0.8724, 0.0179, 12.4, 2.29]}
  (53656s) kaydedildi

### 1494 qsar-biodeg  n=1055 p=41 K=2
  jitter : {'jitter=0.0': [0.8679, 0.0162], 'jitter=0.2': [0.8701, 0.0183], 'sıfırdan': [0.855, 0.0238]}
  F test : [1.1, 0.487783]
  gal    : {'random': [0.8761, 0.0163, 26.33, 5.61], 'residual': [0.8695, 0.0218, 10.67, 2.02]}
  perleaf: {'none': [0.8591, 0.0216, 63.0, 0.0], 'per_leaf': [0.8711, 0.0116, 3.6, 1.64]}
  (352s) kaydedildi

### 1487 ozone-level-8hr  n=2534 p=72 K=2
  jitter : {'jitter=0.0': [0.9387, 0.0067], 'jitter=0.2': [0.9361, 0.0058], 'sıfırdan': [0.929, 0.0085]}
  F test : [1.571, 0.322554]
  gal    : {'random': [0.94, 0.0076, 2.0, 0.0], 'residual': [0.94, 0.0076, 2.0, 0.0]}
  perleaf: {'none': [0.9283, 0.0054, 63.0, 0.0], 'per_leaf': [0.9425, 0.0054, 2.67, 1.4]}
  (769s) kaydedildi

### 1067 kc1  n=2109 p=21 K=2
  jitter : {'jitter=0.0': [0.8546, 0.0074], 'jitter=0.2': [0.8565, 0.0109], 'sıfırdan': [0.8535, 0.0116]}
  F test : [2.096, 0.214179]
  gal    : {'random': [0.8581, 0.0109, 31.07, 0.26], 'residual': [0.8593, 0.0086, 31.33, 0.49]}
  perleaf: {'none': [0.8541, 0.0132, 63.0, 0.0], 'per_leaf': [0.8563, 0.0096, 3.4, 1.64]}
  (723s) kaydedildi

### 1068 pc1  n=1109 p=21 K=2
  jitter : {'jitter=0.0': [0.9306, 0.0022], 'jitter=0.2': [0.9327, 0.0083], 'sıfırdan': [0.9216, 0.0114]}
  F test : [1.667, 0.298151]
  gal    : {'random': [0.9306, 0.0022, 2.0, 0.0], 'residual': [0.9306, 0.0022, 2.0, 0.0]}
  perleaf: {'none': [0.9201, 0.0144, 63.0, 0.0], 'per_leaf': [0.9306, 0.0022, 2.4, 1.45]}
  (360s) kaydedildi

### 1050 pc3  n=1563 p=37 K=2
  jitter : {'jitter=0.0': [0.8976, 0.0002], 'jitter=0.2': [0.8932, 0.0102], 'sıfırdan': [0.8735, 0.0128]}
  F test : [2.101, 0.213426]
  gal    : {'random': [0.8949, 0.0061, 22.53, 3.46], 'residual': [0.894, 0.0091, 7.47, 1.36]}
  perleaf: {'none': [0.8831, 0.0154, 63.0, 0.0], 'per_leaf': [0.8957, 0.0077, 3.4, 1.68]}
  (514s) kaydedildi

BİTTİ: 20 veri kümesi
