
### Digits  n=1797 p=64 K=10
  tam depth-6      0.967 ± 0.010  bölme 63.0
  tam depth-6 %90  0.965 ± 0.011
  perleaf uniform        0.703 ± 0.153  bölme 7.7 ± 2.7
  perleaf random         0.920 ± 0.015  bölme 10.3 ± 1.2
  perleaf residual       0.927 ± 0.015  bölme 10.5 ± 1.2
  perleaf residual_gate  0.926 ± 0.014  bölme 10.5 ± 1.1
  F perleaf        [3.197, 0.105752]
  artimli split    0.921 ± 0.027  derinlik 4.0
  artimli full     0.921 ± 0.028  derinlik 4.0
  sıfırdan depth-4 0.925 ± 0.029
  sıfırdan d-4 %90 0.929 ± 0.030
  F artimli        [1.773, 0.273837]

### vehicle  n=846 p=18 K=4
  tam depth-6      0.800 ± 0.022  bölme 63.0
  tam depth-6 %90  0.796 ± 0.019
  perleaf uniform        0.710 ± 0.044  bölme 7.7 ± 3.1
  perleaf random         0.792 ± 0.027  bölme 17.5 ± 4.7
  perleaf residual       0.780 ± 0.027  bölme 16.1 ± 5.9
  perleaf residual_gate  0.775 ± 0.025  bölme 14.4 ± 5.0
  F perleaf        [8.251, 0.015511]
  artimli split    0.777 ± 0.030  derinlik 4.0
  artimli full     0.790 ± 0.033  derinlik 3.9
  sıfırdan depth-4 0.798 ± 0.031
  sıfırdan d-4 %90 0.756 ± 0.031
  F artimli        [0.877, 0.599641]

### segment  n=2310 p=18 K=7
  tam depth-6      0.961 ± 0.006  bölme 63.0
  tam depth-6 %90  0.958 ± 0.008
  perleaf uniform        0.948 ± 0.014  bölme 12.4 ± 3.6
  perleaf random         0.950 ± 0.011  bölme 17.4 ± 8.4
  perleaf residual       0.952 ± 0.008  bölme 21.9 ± 8.6
  perleaf residual_gate  0.952 ± 0.007  bölme 22.1 ± 8.3
  F perleaf        [1.024, 0.52309]
  artimli split    0.931 ± 0.013  derinlik 4.0
  artimli full     0.946 ± 0.009  derinlik 3.9
  sıfırdan depth-4 0.948 ± 0.014
  sıfırdan d-4 %90 0.947 ± 0.012
  F artimli        [0.793, 0.648194]

### satimage  n=5000 p=36 K=6
  tam depth-6      0.896 ± 0.011  bölme 63.0
  tam depth-6 %90  0.897 ± 0.008
  perleaf uniform        0.870 ± 0.013  bölme 7.1 ± 1.2
  perleaf random         0.878 ± 0.012  bölme 10.4 ± 3.0
  perleaf residual       0.878 ± 0.011  bölme 9.4 ± 1.7
  perleaf residual_gate  0.877 ± 0.010  bölme 9.7 ± 1.9
  F perleaf        [0.625, 0.753603]
  artimli split    0.883 ± 0.010  derinlik 4.0
  artimli full     0.881 ± 0.010  derinlik 3.9
  sıfırdan depth-4 0.880 ± 0.011
  sıfırdan d-4 %90 0.883 ± 0.010
  F artimli        [0.905, 0.583932]

### optdigits  n=5000 p=64 K=10
  tam depth-6      0.970 ± 0.004  bölme 63.0
  tam depth-6 %90  0.973 ± 0.004
  perleaf uniform        0.839 ± 0.090  bölme 11.1 ± 3.2
  perleaf random         0.936 ± 0.013  bölme 12.7 ± 2.9
  perleaf residual       0.938 ± 0.010  bölme 11.3 ± 1.5
  perleaf residual_gate  0.938 ± 0.009  bölme 11.2 ± 1.4
  F perleaf        [1.732, 0.282899]
  artimli split    0.941 ± 0.011  derinlik 4.0
  artimli full     0.941 ± 0.011  derinlik 4.0
  sıfırdan depth-4 0.937 ± 0.024
  sıfırdan d-4 %90 0.946 ± 0.010
  F artimli        [0.621, 0.756703]

### pendigits  n=5000 p=16 K=10
  tam depth-6      0.989 ± 0.004  bölme 63.0
  tam depth-6 %90  0.988 ± 0.002
  perleaf uniform        0.910 ± 0.101  bölme 17.6 ± 6.3
